[pytest]
DJANGO_SETTINGS_MODULE = cafe_management.settings
